components/article/FeaturedCarousel.tsx(76,80): error TS18047: 'currentArticle.category' is possibly 'null'.
components/article/HighlightedContent.tsx(11,60): error TS2503: Cannot find namespace 'JSX'.
components/article/HighlightedContent.tsx(24,30): error TS2339: Property 'innerText' does not exist on type 'Element'.
